****************************************
Report : timing
	-path_type full
	-delay_type min
	-input_pins
	-nets
	-nworst 10
	-slack_lesser_than 1000000.000
	-max_paths 10
	-crosstalk_delta
	-sort_by slack
Design : bp_softcore
Version: K-2015.12-SP3-2
Date   : Wed Mar 18 20:01:38 2020
****************************************

Report timing status: Started...

  Startpoint: io_resp_i[478]
               (input port clocked by core_clk)
  Endpoint: core/fe/mem/icache/data_mems_6__data_mem/macro_mem
               (rising edge-triggered flip-flop clocked by core_clk)
  Path Group: REGIN
  Path Type: min
  Min Data Paths Derating Factor  : 0.990
  Min Clock Paths Derating Factor : 0.990
  Max Clock Paths Derating Factor : 1.010

  Point                                                                                       Fanout  Delta     Incr       Path
  --------------------------------------------------------------------------------------------------------------------------------
  clock core_clk (rise edge)                                                                                   0.000      0.000
  clock network delay (ideal)                                                                                  0.000      0.000
  input external delay                                                                                         0.100      0.100 f
  io_resp_i[478] (in)                                                                                          0.000      0.100 f
  io_resp_i[478] (net)                                                                          2 
  U2279/IN2 (AO22X1)                                                                                  0.000    0.565      0.665 f
  U2279/Q (AO22X1)                                                                                             0.069      0.735 f
  mem_resp_li[478] (net)                                                                        1 
  uce_0__uce/U610/IN2 (AND2X1)                                                                        0.000    0.478      1.212 f
  uce_0__uce/U610/Q (AND2X1)                                                                                   0.055      1.268 f
  uce_0__uce/data_mem_pkt_o[422] (net)                                                          2 
  core/fe/mem/icache/write_mux_butterfly/mux_stage_0__mux_swap_3__swap_inst/U40/IN1 (MUX21X1)         0.000    0.664      1.932 f
  core/fe/mem/icache/write_mux_butterfly/mux_stage_0__mux_swap_3__swap_inst/U40/Q (MUX21X1)                    0.066      1.997 f
  core/fe/mem/icache/write_mux_butterfly/mux_stage_0__mux_swap_3__swap_inst/data_o[36] (net)    2 
  core/fe/mem/icache/write_mux_butterfly/mux_stage_1__mux_swap_1__swap_inst/U177/IN1 (MUX21X1)        0.000    0.039      2.036 f
  core/fe/mem/icache/write_mux_butterfly/mux_stage_1__mux_swap_1__swap_inst/U177/Q (MUX21X1)                   0.067      2.104 f
  core/fe/mem/icache/write_mux_butterfly/mux_stage_1__mux_swap_1__swap_inst/data_o[164] (net)   2 
  core/fe/mem/icache/write_mux_butterfly/mux_stage_2__mux_swap_0__swap_inst/U463/IN1 (MUX21X1)        0.000    0.039      2.143 f
  core/fe/mem/icache/write_mux_butterfly/mux_stage_2__mux_swap_0__swap_inst/U463/Q (MUX21X1)                   0.063      2.206 f
  core/fe/mem/icache/write_mux_butterfly/mux_stage_2__mux_swap_0__swap_inst/data_o[420] (net)   1 
  core/fe/mem/icache/data_mems_6__data_mem/icc_place73/INP (NBUFFX32)                                 0.000    0.477      2.682 f
  core/fe/mem/icache/data_mems_6__data_mem/icc_place73/Z (NBUFFX32)                                            0.123      2.806 f
  core/fe/mem/icache/data_mems_6__data_mem/n351 (net)                                           1 
  core/fe/mem/icache/data_mems_6__data_mem/macro_mem/I1[36] (saed90_64x512_1P_BM)                     0.000    0.201      3.006 f
  data arrival time                                                                                                       3.006

  clock core_clk (rise edge)                                                                                   0.000      0.000
  clock network delay (propagated)                                                                           195.181    195.181
  clock reconvergence pessimism                                                                                0.000    195.181
  core/fe/mem/icache/data_mems_6__data_mem/macro_mem/CE1 (saed90_64x512_1P_BM)                                          195.181 r
  library hold time                                                                                            0.050    195.231
  data required time                                                                                                    195.231
  --------------------------------------------------------------------------------------------------------------------------------
  data required time                                                                                                    195.231
  data arrival time                                                                                                      -3.006
  --------------------------------------------------------------------------------------------------------------------------------
  slack (VIOLATED)                                                                                                     -192.224


  Startpoint: io_resp_i[350]
               (input port clocked by core_clk)
  Endpoint: core/fe/mem/icache/data_mems_6__data_mem/macro_mem
               (rising edge-triggered flip-flop clocked by core_clk)
  Path Group: REGIN
  Path Type: min
  Min Data Paths Derating Factor  : 0.990
  Min Clock Paths Derating Factor : 0.990
  Max Clock Paths Derating Factor : 1.010

  Point                                                                                       Fanout  Delta     Incr       Path
  --------------------------------------------------------------------------------------------------------------------------------
  clock core_clk (rise edge)                                                                                   0.000      0.000
  clock network delay (ideal)                                                                                  0.000      0.000
  input external delay                                                                                         0.100      0.100 f
  io_resp_i[350] (in)                                                                                          0.000      0.100 f
  io_resp_i[350] (net)                                                                          2 
  U2580/IN2 (AO22X1)                                                                                  0.000    0.565      0.665 f
  U2580/Q (AO22X1)                                                                                             0.069      0.735 f
  mem_resp_li[350] (net)                                                                        1 
  uce_0__uce/U471/IN2 (AND2X1)                                                                        0.000    0.478      1.212 f
  uce_0__uce/U471/Q (AND2X1)                                                                                   0.055      1.268 f
  uce_0__uce/data_mem_pkt_o[294] (net)                                                          2 
  core/fe/mem/icache/write_mux_butterfly/mux_stage_0__mux_swap_2__swap_inst/U40/IN1 (MUX21X1)         0.000    0.664      1.932 f
  core/fe/mem/icache/write_mux_butterfly/mux_stage_0__mux_swap_2__swap_inst/U40/Q (MUX21X1)                    0.066      1.997 f
  core/fe/mem/icache/write_mux_butterfly/mux_stage_0__mux_swap_2__swap_inst/data_o[36] (net)    2 
  core/fe/mem/icache/write_mux_butterfly/mux_stage_1__mux_swap_1__swap_inst/U177/IN2 (MUX21X1)        0.000    0.042      2.039 f
  core/fe/mem/icache/write_mux_butterfly/mux_stage_1__mux_swap_1__swap_inst/U177/Q (MUX21X1)                   0.068      2.107 f
  core/fe/mem/icache/write_mux_butterfly/mux_stage_1__mux_swap_1__swap_inst/data_o[164] (net)   2 
  core/fe/mem/icache/write_mux_butterfly/mux_stage_2__mux_swap_0__swap_inst/U463/IN1 (MUX21X1)        0.000    0.039      2.146 f
  core/fe/mem/icache/write_mux_butterfly/mux_stage_2__mux_swap_0__swap_inst/U463/Q (MUX21X1)                   0.063      2.209 f
  core/fe/mem/icache/write_mux_butterfly/mux_stage_2__mux_swap_0__swap_inst/data_o[420] (net)   1 
  core/fe/mem/icache/data_mems_6__data_mem/icc_place73/INP (NBUFFX32)                                 0.000    0.477      2.686 f
  core/fe/mem/icache/data_mems_6__data_mem/icc_place73/Z (NBUFFX32)                                            0.123      2.809 f
  core/fe/mem/icache/data_mems_6__data_mem/n351 (net)                                           1 
  core/fe/mem/icache/data_mems_6__data_mem/macro_mem/I1[36] (saed90_64x512_1P_BM)                     0.000    0.201      3.010 f
  data arrival time                                                                                                       3.010

  clock core_clk (rise edge)                                                                                   0.000      0.000
  clock network delay (propagated)                                                                           195.181    195.181
  clock reconvergence pessimism                                                                                0.000    195.181
  core/fe/mem/icache/data_mems_6__data_mem/macro_mem/CE1 (saed90_64x512_1P_BM)                                          195.181 r
  library hold time                                                                                            0.050    195.231
  data required time                                                                                                    195.231
  --------------------------------------------------------------------------------------------------------------------------------
  data required time                                                                                                    195.231
  data arrival time                                                                                                      -3.010
  --------------------------------------------------------------------------------------------------------------------------------
  slack (VIOLATED)                                                                                                     -192.221


  Startpoint: io_resp_i[222]
               (input port clocked by core_clk)
  Endpoint: core/fe/mem/icache/data_mems_6__data_mem/macro_mem
               (rising edge-triggered flip-flop clocked by core_clk)
  Path Group: REGIN
  Path Type: min
  Min Data Paths Derating Factor  : 0.990
  Min Clock Paths Derating Factor : 0.990
  Max Clock Paths Derating Factor : 1.010

  Point                                                                                       Fanout  Delta     Incr       Path
  --------------------------------------------------------------------------------------------------------------------------------
  clock core_clk (rise edge)                                                                                   0.000      0.000
  clock network delay (ideal)                                                                                  0.000      0.000
  input external delay                                                                                         0.100      0.100 f
  io_resp_i[222] (in)                                                                                          0.000      0.100 f
  io_resp_i[222] (net)                                                                          2 
  U2888/IN2 (AO22X1)                                                                                  0.000    0.565      0.665 f
  U2888/Q (AO22X1)                                                                                             0.069      0.735 f
  mem_resp_li[222] (net)                                                                        1 
  uce_0__uce/U332/IN2 (AND2X1)                                                                        0.000    0.478      1.212 f
  uce_0__uce/U332/Q (AND2X1)                                                                                   0.055      1.268 f
  uce_0__uce/data_mem_pkt_o[166] (net)                                                          2 
  core/fe/mem/icache/write_mux_butterfly/mux_stage_0__mux_swap_1__swap_inst/U40/IN1 (MUX21X1)         0.000    0.664      1.932 f
  core/fe/mem/icache/write_mux_butterfly/mux_stage_0__mux_swap_1__swap_inst/U40/Q (MUX21X1)                    0.066      1.997 f
  core/fe/mem/icache/write_mux_butterfly/mux_stage_0__mux_swap_1__swap_inst/data_o[36] (net)    2 
  core/fe/mem/icache/write_mux_butterfly/mux_stage_1__mux_swap_0__swap_inst/U177/IN1 (MUX21X1)        0.000    0.039      2.036 f
  core/fe/mem/icache/write_mux_butterfly/mux_stage_1__mux_swap_0__swap_inst/U177/Q (MUX21X1)                   0.067      2.104 f
  core/fe/mem/icache/write_mux_butterfly/mux_stage_1__mux_swap_0__swap_inst/data_o[164] (net)   2 
  core/fe/mem/icache/write_mux_butterfly/mux_stage_2__mux_swap_0__swap_inst/U463/IN2 (MUX21X1)        0.000    0.042      2.146 f
  core/fe/mem/icache/write_mux_butterfly/mux_stage_2__mux_swap_0__swap_inst/U463/Q (MUX21X1)                   0.064      2.209 f
  core/fe/mem/icache/write_mux_butterfly/mux_stage_2__mux_swap_0__swap_inst/data_o[420] (net)   1 
  core/fe/mem/icache/data_mems_6__data_mem/icc_place73/INP (NBUFFX32)                                 0.000    0.477      2.686 f
  core/fe/mem/icache/data_mems_6__data_mem/icc_place73/Z (NBUFFX32)                                            0.123      2.809 f
  core/fe/mem/icache/data_mems_6__data_mem/n351 (net)                                           1 
  core/fe/mem/icache/data_mems_6__data_mem/macro_mem/I1[36] (saed90_64x512_1P_BM)                     0.000    0.201      3.010 f
  data arrival time                                                                                                       3.010

  clock core_clk (rise edge)                                                                                   0.000      0.000
  clock network delay (propagated)                                                                           195.181    195.181
  clock reconvergence pessimism                                                                                0.000    195.181
  core/fe/mem/icache/data_mems_6__data_mem/macro_mem/CE1 (saed90_64x512_1P_BM)                                          195.181 r
  library hold time                                                                                            0.050    195.231
  data required time                                                                                                    195.231
  --------------------------------------------------------------------------------------------------------------------------------
  data required time                                                                                                    195.231
  data arrival time                                                                                                      -3.010
  --------------------------------------------------------------------------------------------------------------------------------
  slack (VIOLATED)                                                                                                     -192.221


  Startpoint: mem_resp_i[478]
               (input port clocked by core_clk)
  Endpoint: core/fe/mem/icache/data_mems_6__data_mem/macro_mem
               (rising edge-triggered flip-flop clocked by core_clk)
  Path Group: REGIN
  Path Type: min
  Min Data Paths Derating Factor  : 0.990
  Min Clock Paths Derating Factor : 0.990
  Max Clock Paths Derating Factor : 1.010

  Point                                                                                       Fanout  Delta     Incr       Path
  --------------------------------------------------------------------------------------------------------------------------------
  clock core_clk (rise edge)                                                                                   0.000      0.000
  clock network delay (ideal)                                                                                  0.000      0.000
  input external delay                                                                                         0.100      0.100 f
  mem_resp_i[478] (in)                                                                                         0.000      0.100 f
  mem_resp_i[478] (net)                                                                         2 
  U2279/IN4 (AO22X1)                                                                                  0.000    0.613      0.713 f
  U2279/Q (AO22X1)                                                                                             0.058      0.771 f
  mem_resp_li[478] (net)                                                                        1 
  uce_0__uce/U610/IN2 (AND2X1)                                                                        0.000    0.478      1.248 f
  uce_0__uce/U610/Q (AND2X1)                                                                                   0.055      1.304 f
  uce_0__uce/data_mem_pkt_o[422] (net)                                                          2 
  core/fe/mem/icache/write_mux_butterfly/mux_stage_0__mux_swap_3__swap_inst/U40/IN1 (MUX21X1)         0.000    0.664      1.968 f
  core/fe/mem/icache/write_mux_butterfly/mux_stage_0__mux_swap_3__swap_inst/U40/Q (MUX21X1)                    0.066      2.033 f
  core/fe/mem/icache/write_mux_butterfly/mux_stage_0__mux_swap_3__swap_inst/data_o[36] (net)    2 
  core/fe/mem/icache/write_mux_butterfly/mux_stage_1__mux_swap_1__swap_inst/U177/IN1 (MUX21X1)        0.000    0.039      2.072 f
  core/fe/mem/icache/write_mux_butterfly/mux_stage_1__mux_swap_1__swap_inst/U177/Q (MUX21X1)                   0.067      2.140 f
  core/fe/mem/icache/write_mux_butterfly/mux_stage_1__mux_swap_1__swap_inst/data_o[164] (net)   2 
  core/fe/mem/icache/write_mux_butterfly/mux_stage_2__mux_swap_0__swap_inst/U463/IN1 (MUX21X1)        0.000    0.039      2.179 f
  core/fe/mem/icache/write_mux_butterfly/mux_stage_2__mux_swap_0__swap_inst/U463/Q (MUX21X1)                   0.063      2.242 f
  core/fe/mem/icache/write_mux_butterfly/mux_stage_2__mux_swap_0__swap_inst/data_o[420] (net)   1 
  core/fe/mem/icache/data_mems_6__data_mem/icc_place73/INP (NBUFFX32)                                 0.000    0.477      2.718 f
  core/fe/mem/icache/data_mems_6__data_mem/icc_place73/Z (NBUFFX32)                                            0.123      2.842 f
  core/fe/mem/icache/data_mems_6__data_mem/n351 (net)                                           1 
  core/fe/mem/icache/data_mems_6__data_mem/macro_mem/I1[36] (saed90_64x512_1P_BM)                     0.000    0.201      3.042 f
  data arrival time                                                                                                       3.042

  clock core_clk (rise edge)                                                                                   0.000      0.000
  clock network delay (propagated)                                                                           195.181    195.181
  clock reconvergence pessimism                                                                                0.000    195.181
  core/fe/mem/icache/data_mems_6__data_mem/macro_mem/CE1 (saed90_64x512_1P_BM)                                          195.181 r
  library hold time                                                                                            0.050    195.231
  data required time                                                                                                    195.231
  --------------------------------------------------------------------------------------------------------------------------------
  data required time                                                                                                    195.231
  data arrival time                                                                                                      -3.042
  --------------------------------------------------------------------------------------------------------------------------------
  slack (VIOLATED)                                                                                                     -192.188


  Startpoint: mem_resp_i[350]
               (input port clocked by core_clk)
  Endpoint: core/fe/mem/icache/data_mems_6__data_mem/macro_mem
               (rising edge-triggered flip-flop clocked by core_clk)
  Path Group: REGIN
  Path Type: min
  Min Data Paths Derating Factor  : 0.990
  Min Clock Paths Derating Factor : 0.990
  Max Clock Paths Derating Factor : 1.010

  Point                                                                                       Fanout  Delta     Incr       Path
  --------------------------------------------------------------------------------------------------------------------------------
  clock core_clk (rise edge)                                                                                   0.000      0.000
  clock network delay (ideal)                                                                                  0.000      0.000
  input external delay                                                                                         0.100      0.100 f
  mem_resp_i[350] (in)                                                                                         0.000      0.100 f
  mem_resp_i[350] (net)                                                                         2 
  U2580/IN4 (AO22X1)                                                                                  0.000    0.613      0.713 f
  U2580/Q (AO22X1)                                                                                             0.058      0.771 f
  mem_resp_li[350] (net)                                                                        1 
  uce_0__uce/U471/IN2 (AND2X1)                                                                        0.000    0.478      1.248 f
  uce_0__uce/U471/Q (AND2X1)                                                                                   0.055      1.304 f
  uce_0__uce/data_mem_pkt_o[294] (net)                                                          2 
  core/fe/mem/icache/write_mux_butterfly/mux_stage_0__mux_swap_2__swap_inst/U40/IN1 (MUX21X1)         0.000    0.664      1.968 f
  core/fe/mem/icache/write_mux_butterfly/mux_stage_0__mux_swap_2__swap_inst/U40/Q (MUX21X1)                    0.066      2.033 f
  core/fe/mem/icache/write_mux_butterfly/mux_stage_0__mux_swap_2__swap_inst/data_o[36] (net)    2 
  core/fe/mem/icache/write_mux_butterfly/mux_stage_1__mux_swap_1__swap_inst/U177/IN2 (MUX21X1)        0.000    0.042      2.075 f
  core/fe/mem/icache/write_mux_butterfly/mux_stage_1__mux_swap_1__swap_inst/U177/Q (MUX21X1)                   0.068      2.143 f
  core/fe/mem/icache/write_mux_butterfly/mux_stage_1__mux_swap_1__swap_inst/data_o[164] (net)   2 
  core/fe/mem/icache/write_mux_butterfly/mux_stage_2__mux_swap_0__swap_inst/U463/IN1 (MUX21X1)        0.000    0.039      2.182 f
  core/fe/mem/icache/write_mux_butterfly/mux_stage_2__mux_swap_0__swap_inst/U463/Q (MUX21X1)                   0.063      2.245 f
  core/fe/mem/icache/write_mux_butterfly/mux_stage_2__mux_swap_0__swap_inst/data_o[420] (net)   1 
  core/fe/mem/icache/data_mems_6__data_mem/icc_place73/INP (NBUFFX32)                                 0.000    0.477      2.722 f
  core/fe/mem/icache/data_mems_6__data_mem/icc_place73/Z (NBUFFX32)                                            0.123      2.845 f
  core/fe/mem/icache/data_mems_6__data_mem/n351 (net)                                           1 
  core/fe/mem/icache/data_mems_6__data_mem/macro_mem/I1[36] (saed90_64x512_1P_BM)                     0.000    0.201      3.046 f
  data arrival time                                                                                                       3.046

  clock core_clk (rise edge)                                                                                   0.000      0.000
  clock network delay (propagated)                                                                           195.181    195.181
  clock reconvergence pessimism                                                                                0.000    195.181
  core/fe/mem/icache/data_mems_6__data_mem/macro_mem/CE1 (saed90_64x512_1P_BM)                                          195.181 r
  library hold time                                                                                            0.050    195.231
  data required time                                                                                                    195.231
  --------------------------------------------------------------------------------------------------------------------------------
  data required time                                                                                                    195.231
  data arrival time                                                                                                      -3.046
  --------------------------------------------------------------------------------------------------------------------------------
  slack (VIOLATED)                                                                                                     -192.185


  Startpoint: mem_resp_i[222]
               (input port clocked by core_clk)
  Endpoint: core/fe/mem/icache/data_mems_6__data_mem/macro_mem
               (rising edge-triggered flip-flop clocked by core_clk)
  Path Group: REGIN
  Path Type: min
  Min Data Paths Derating Factor  : 0.990
  Min Clock Paths Derating Factor : 0.990
  Max Clock Paths Derating Factor : 1.010

  Point                                                                                       Fanout  Delta     Incr       Path
  --------------------------------------------------------------------------------------------------------------------------------
  clock core_clk (rise edge)                                                                                   0.000      0.000
  clock network delay (ideal)                                                                                  0.000      0.000
  input external delay                                                                                         0.100      0.100 f
  mem_resp_i[222] (in)                                                                                         0.000      0.100 f
  mem_resp_i[222] (net)                                                                         2 
  U2888/IN4 (AO22X1)                                                                                  0.000    0.613      0.713 f
  U2888/Q (AO22X1)                                                                                             0.058      0.771 f
  mem_resp_li[222] (net)                                                                        1 
  uce_0__uce/U332/IN2 (AND2X1)                                                                        0.000    0.478      1.248 f
  uce_0__uce/U332/Q (AND2X1)                                                                                   0.055      1.304 f
  uce_0__uce/data_mem_pkt_o[166] (net)                                                          2 
  core/fe/mem/icache/write_mux_butterfly/mux_stage_0__mux_swap_1__swap_inst/U40/IN1 (MUX21X1)         0.000    0.664      1.968 f
  core/fe/mem/icache/write_mux_butterfly/mux_stage_0__mux_swap_1__swap_inst/U40/Q (MUX21X1)                    0.066      2.033 f
  core/fe/mem/icache/write_mux_butterfly/mux_stage_0__mux_swap_1__swap_inst/data_o[36] (net)    2 
  core/fe/mem/icache/write_mux_butterfly/mux_stage_1__mux_swap_0__swap_inst/U177/IN1 (MUX21X1)        0.000    0.039      2.072 f
  core/fe/mem/icache/write_mux_butterfly/mux_stage_1__mux_swap_0__swap_inst/U177/Q (MUX21X1)                   0.067      2.140 f
  core/fe/mem/icache/write_mux_butterfly/mux_stage_1__mux_swap_0__swap_inst/data_o[164] (net)   2 
  core/fe/mem/icache/write_mux_butterfly/mux_stage_2__mux_swap_0__swap_inst/U463/IN2 (MUX21X1)        0.000    0.042      2.182 f
  core/fe/mem/icache/write_mux_butterfly/mux_stage_2__mux_swap_0__swap_inst/U463/Q (MUX21X1)                   0.064      2.245 f
  core/fe/mem/icache/write_mux_butterfly/mux_stage_2__mux_swap_0__swap_inst/data_o[420] (net)   1 
  core/fe/mem/icache/data_mems_6__data_mem/icc_place73/INP (NBUFFX32)                                 0.000    0.477      2.722 f
  core/fe/mem/icache/data_mems_6__data_mem/icc_place73/Z (NBUFFX32)                                            0.123      2.845 f
  core/fe/mem/icache/data_mems_6__data_mem/n351 (net)                                           1 
  core/fe/mem/icache/data_mems_6__data_mem/macro_mem/I1[36] (saed90_64x512_1P_BM)                     0.000    0.201      3.046 f
  data arrival time                                                                                                       3.046

  clock core_clk (rise edge)                                                                                   0.000      0.000
  clock network delay (propagated)                                                                           195.181    195.181
  clock reconvergence pessimism                                                                                0.000    195.181
  core/fe/mem/icache/data_mems_6__data_mem/macro_mem/CE1 (saed90_64x512_1P_BM)                                          195.181 r
  library hold time                                                                                            0.050    195.231
  data required time                                                                                                    195.231
  --------------------------------------------------------------------------------------------------------------------------------
  data required time                                                                                                    195.231
  data arrival time                                                                                                      -3.046
  --------------------------------------------------------------------------------------------------------------------------------
  slack (VIOLATED)                                                                                                     -192.185


  Startpoint: io_resp_i[542]
               (input port clocked by core_clk)
  Endpoint: core/fe/mem/icache/data_mems_6__data_mem/macro_mem
               (rising edge-triggered flip-flop clocked by core_clk)
  Path Group: REGIN
  Path Type: min
  Min Data Paths Derating Factor  : 0.990
  Min Clock Paths Derating Factor : 0.990
  Max Clock Paths Derating Factor : 1.010

  Point                                                                                       Fanout  Delta     Incr       Path
  --------------------------------------------------------------------------------------------------------------------------------
  clock core_clk (rise edge)                                                                                   0.000      0.000
  clock network delay (ideal)                                                                                  0.000      0.000
  input external delay                                                                                         0.100      0.100 f
  io_resp_i[542] (in)                                                                                          0.000      0.100 f
  io_resp_i[542] (net)                                                                          2 
  U2127/IN2 (AO22X1)                                                                                  0.000    0.565      0.665 f
  U2127/Q (AO22X1)                                                                                             0.069      0.735 f
  mem_resp_li[542] (net)                                                                        1 
  uce_0__uce/U679/IN2 (AND2X1)                                                                        0.000    0.478      1.212 f
  uce_0__uce/U679/Q (AND2X1)                                                                                   0.055      1.268 f
  uce_0__uce/data_mem_pkt_o[486] (net)                                                          2 
  core/fe/mem/icache/write_mux_butterfly/mux_stage_0__mux_swap_3__swap_inst/U40/IN2 (MUX21X1)         0.000    0.713      1.981 f
  core/fe/mem/icache/write_mux_butterfly/mux_stage_0__mux_swap_3__swap_inst/U40/Q (MUX21X1)                    0.066      2.047 f
  core/fe/mem/icache/write_mux_butterfly/mux_stage_0__mux_swap_3__swap_inst/data_o[36] (net)    2 
  core/fe/mem/icache/write_mux_butterfly/mux_stage_1__mux_swap_1__swap_inst/U177/IN1 (MUX21X1)        0.000    0.039      2.086 f
  core/fe/mem/icache/write_mux_butterfly/mux_stage_1__mux_swap_1__swap_inst/U177/Q (MUX21X1)                   0.067      2.154 f
  core/fe/mem/icache/write_mux_butterfly/mux_stage_1__mux_swap_1__swap_inst/data_o[164] (net)   2 
  core/fe/mem/icache/write_mux_butterfly/mux_stage_2__mux_swap_0__swap_inst/U463/IN1 (MUX21X1)        0.000    0.039      2.193 f
  core/fe/mem/icache/write_mux_butterfly/mux_stage_2__mux_swap_0__swap_inst/U463/Q (MUX21X1)                   0.063      2.256 f
  core/fe/mem/icache/write_mux_butterfly/mux_stage_2__mux_swap_0__swap_inst/data_o[420] (net)   1 
  core/fe/mem/icache/data_mems_6__data_mem/icc_place73/INP (NBUFFX32)                                 0.000    0.477      2.732 f
  core/fe/mem/icache/data_mems_6__data_mem/icc_place73/Z (NBUFFX32)                                            0.123      2.856 f
  core/fe/mem/icache/data_mems_6__data_mem/n351 (net)                                           1 
  core/fe/mem/icache/data_mems_6__data_mem/macro_mem/I1[36] (saed90_64x512_1P_BM)                     0.000    0.201      3.056 f
  data arrival time                                                                                                       3.056

  clock core_clk (rise edge)                                                                                   0.000      0.000
  clock network delay (propagated)                                                                           195.181    195.181
  clock reconvergence pessimism                                                                                0.000    195.181
  core/fe/mem/icache/data_mems_6__data_mem/macro_mem/CE1 (saed90_64x512_1P_BM)                                          195.181 r
  library hold time                                                                                            0.050    195.231
  data required time                                                                                                    195.231
  --------------------------------------------------------------------------------------------------------------------------------
  data required time                                                                                                    195.231
  data arrival time                                                                                                      -3.056
  --------------------------------------------------------------------------------------------------------------------------------
  slack (VIOLATED)                                                                                                     -192.174


  Startpoint: io_resp_i[414]
               (input port clocked by core_clk)
  Endpoint: core/fe/mem/icache/data_mems_6__data_mem/macro_mem
               (rising edge-triggered flip-flop clocked by core_clk)
  Path Group: REGIN
  Path Type: min
  Min Data Paths Derating Factor  : 0.990
  Min Clock Paths Derating Factor : 0.990
  Max Clock Paths Derating Factor : 1.010

  Point                                                                                       Fanout  Delta     Incr       Path
  --------------------------------------------------------------------------------------------------------------------------------
  clock core_clk (rise edge)                                                                                   0.000      0.000
  clock network delay (ideal)                                                                                  0.000      0.000
  input external delay                                                                                         0.100      0.100 f
  io_resp_i[414] (in)                                                                                          0.000      0.100 f
  io_resp_i[414] (net)                                                                          2 
  U2431/IN2 (AO22X1)                                                                                  0.000    0.565      0.665 f
  U2431/Q (AO22X1)                                                                                             0.069      0.735 f
  mem_resp_li[414] (net)                                                                        1 
  uce_0__uce/U541/IN2 (AND2X1)                                                                        0.000    0.478      1.212 f
  uce_0__uce/U541/Q (AND2X1)                                                                                   0.055      1.268 f
  uce_0__uce/data_mem_pkt_o[358] (net)                                                          2 
  core/fe/mem/icache/write_mux_butterfly/mux_stage_0__mux_swap_2__swap_inst/U40/IN2 (MUX21X1)         0.000    0.713      1.981 f
  core/fe/mem/icache/write_mux_butterfly/mux_stage_0__mux_swap_2__swap_inst/U40/Q (MUX21X1)                    0.066      2.047 f
  core/fe/mem/icache/write_mux_butterfly/mux_stage_0__mux_swap_2__swap_inst/data_o[36] (net)    2 
  core/fe/mem/icache/write_mux_butterfly/mux_stage_1__mux_swap_1__swap_inst/U177/IN2 (MUX21X1)        0.000    0.042      2.089 f
  core/fe/mem/icache/write_mux_butterfly/mux_stage_1__mux_swap_1__swap_inst/U177/Q (MUX21X1)                   0.068      2.157 f
  core/fe/mem/icache/write_mux_butterfly/mux_stage_1__mux_swap_1__swap_inst/data_o[164] (net)   2 
  core/fe/mem/icache/write_mux_butterfly/mux_stage_2__mux_swap_0__swap_inst/U463/IN1 (MUX21X1)        0.000    0.039      2.196 f
  core/fe/mem/icache/write_mux_butterfly/mux_stage_2__mux_swap_0__swap_inst/U463/Q (MUX21X1)                   0.063      2.259 f
  core/fe/mem/icache/write_mux_butterfly/mux_stage_2__mux_swap_0__swap_inst/data_o[420] (net)   1 
  core/fe/mem/icache/data_mems_6__data_mem/icc_place73/INP (NBUFFX32)                                 0.000    0.477      2.736 f
  core/fe/mem/icache/data_mems_6__data_mem/icc_place73/Z (NBUFFX32)                                            0.123      2.859 f
  core/fe/mem/icache/data_mems_6__data_mem/n351 (net)                                           1 
  core/fe/mem/icache/data_mems_6__data_mem/macro_mem/I1[36] (saed90_64x512_1P_BM)                     0.000    0.201      3.060 f
  data arrival time                                                                                                       3.060

  clock core_clk (rise edge)                                                                                   0.000      0.000
  clock network delay (propagated)                                                                           195.181    195.181
  clock reconvergence pessimism                                                                                0.000    195.181
  core/fe/mem/icache/data_mems_6__data_mem/macro_mem/CE1 (saed90_64x512_1P_BM)                                          195.181 r
  library hold time                                                                                            0.050    195.231
  data required time                                                                                                    195.231
  --------------------------------------------------------------------------------------------------------------------------------
  data required time                                                                                                    195.231
  data arrival time                                                                                                      -3.060
  --------------------------------------------------------------------------------------------------------------------------------
  slack (VIOLATED)                                                                                                     -192.171


  Startpoint: io_resp_i[286]
               (input port clocked by core_clk)
  Endpoint: core/fe/mem/icache/data_mems_6__data_mem/macro_mem
               (rising edge-triggered flip-flop clocked by core_clk)
  Path Group: REGIN
  Path Type: min
  Min Data Paths Derating Factor  : 0.990
  Min Clock Paths Derating Factor : 0.990
  Max Clock Paths Derating Factor : 1.010

  Point                                                                                       Fanout  Delta     Incr       Path
  --------------------------------------------------------------------------------------------------------------------------------
  clock core_clk (rise edge)                                                                                   0.000      0.000
  clock network delay (ideal)                                                                                  0.000      0.000
  input external delay                                                                                         0.100      0.100 f
  io_resp_i[286] (in)                                                                                          0.000      0.100 f
  io_resp_i[286] (net)                                                                          2 
  U2730/IN2 (AO22X1)                                                                                  0.000    0.565      0.665 f
  U2730/Q (AO22X1)                                                                                             0.069      0.735 f
  mem_resp_li[286] (net)                                                                        1 
  uce_0__uce/U402/IN2 (AND2X1)                                                                        0.000    0.478      1.212 f
  uce_0__uce/U402/Q (AND2X1)                                                                                   0.055      1.268 f
  uce_0__uce/data_mem_pkt_o[230] (net)                                                          2 
  core/fe/mem/icache/write_mux_butterfly/mux_stage_0__mux_swap_1__swap_inst/U40/IN2 (MUX21X1)         0.000    0.713      1.981 f
  core/fe/mem/icache/write_mux_butterfly/mux_stage_0__mux_swap_1__swap_inst/U40/Q (MUX21X1)                    0.066      2.047 f
  core/fe/mem/icache/write_mux_butterfly/mux_stage_0__mux_swap_1__swap_inst/data_o[36] (net)    2 
  core/fe/mem/icache/write_mux_butterfly/mux_stage_1__mux_swap_0__swap_inst/U177/IN1 (MUX21X1)        0.000    0.039      2.086 f
  core/fe/mem/icache/write_mux_butterfly/mux_stage_1__mux_swap_0__swap_inst/U177/Q (MUX21X1)                   0.067      2.154 f
  core/fe/mem/icache/write_mux_butterfly/mux_stage_1__mux_swap_0__swap_inst/data_o[164] (net)   2 
  core/fe/mem/icache/write_mux_butterfly/mux_stage_2__mux_swap_0__swap_inst/U463/IN2 (MUX21X1)        0.000    0.042      2.196 f
  core/fe/mem/icache/write_mux_butterfly/mux_stage_2__mux_swap_0__swap_inst/U463/Q (MUX21X1)                   0.064      2.259 f
  core/fe/mem/icache/write_mux_butterfly/mux_stage_2__mux_swap_0__swap_inst/data_o[420] (net)   1 
  core/fe/mem/icache/data_mems_6__data_mem/icc_place73/INP (NBUFFX32)                                 0.000    0.477      2.736 f
  core/fe/mem/icache/data_mems_6__data_mem/icc_place73/Z (NBUFFX32)                                            0.123      2.859 f
  core/fe/mem/icache/data_mems_6__data_mem/n351 (net)                                           1 
  core/fe/mem/icache/data_mems_6__data_mem/macro_mem/I1[36] (saed90_64x512_1P_BM)                     0.000    0.201      3.060 f
  data arrival time                                                                                                       3.060

  clock core_clk (rise edge)                                                                                   0.000      0.000
  clock network delay (propagated)                                                                           195.181    195.181
  clock reconvergence pessimism                                                                                0.000    195.181
  core/fe/mem/icache/data_mems_6__data_mem/macro_mem/CE1 (saed90_64x512_1P_BM)                                          195.181 r
  library hold time                                                                                            0.050    195.231
  data required time                                                                                                    195.231
  --------------------------------------------------------------------------------------------------------------------------------
  data required time                                                                                                    195.231
  data arrival time                                                                                                      -3.060
  --------------------------------------------------------------------------------------------------------------------------------
  slack (VIOLATED)                                                                                                     -192.171


  Startpoint: io_resp_i[158]
               (input port clocked by core_clk)
  Endpoint: core/fe/mem/icache/data_mems_6__data_mem/macro_mem
               (rising edge-triggered flip-flop clocked by core_clk)
  Path Group: REGIN
  Path Type: min
  Min Data Paths Derating Factor  : 0.990
  Min Clock Paths Derating Factor : 0.990
  Max Clock Paths Derating Factor : 1.010

  Point                                                                                       Fanout  Delta     Incr       Path
  --------------------------------------------------------------------------------------------------------------------------------
  clock core_clk (rise edge)                                                                                   0.000      0.000
  clock network delay (ideal)                                                                                  0.000      0.000
  input external delay                                                                                         0.100      0.100 f
  io_resp_i[158] (in)                                                                                          0.000      0.100 f
  io_resp_i[158] (net)                                                                          2 
  U3036/IN2 (AO22X1)                                                                                  0.000    0.565      0.665 f
  U3036/Q (AO22X1)                                                                                             0.069      0.735 f
  mem_resp_li[158] (net)                                                                        1 
  uce_0__uce/U262/IN2 (AND2X1)                                                                        0.000    0.478      1.212 f
  uce_0__uce/U262/Q (AND2X1)                                                                                   0.055      1.268 f
  uce_0__uce/data_mem_pkt_o[102] (net)                                                          2 
  core/fe/mem/icache/write_mux_butterfly/mux_stage_0__mux_swap_0__swap_inst/U40/IN2 (MUX21X1)         0.000    0.713      1.981 f
  core/fe/mem/icache/write_mux_butterfly/mux_stage_0__mux_swap_0__swap_inst/U40/Q (MUX21X1)                    0.066      2.047 f
  core/fe/mem/icache/write_mux_butterfly/mux_stage_0__mux_swap_0__swap_inst/data_o[36] (net)    2 
  core/fe/mem/icache/write_mux_butterfly/mux_stage_1__mux_swap_0__swap_inst/U177/IN2 (MUX21X1)        0.000    0.042      2.089 f
  core/fe/mem/icache/write_mux_butterfly/mux_stage_1__mux_swap_0__swap_inst/U177/Q (MUX21X1)                   0.068      2.157 f
  core/fe/mem/icache/write_mux_butterfly/mux_stage_1__mux_swap_0__swap_inst/data_o[164] (net)   2 
  core/fe/mem/icache/write_mux_butterfly/mux_stage_2__mux_swap_0__swap_inst/U463/IN2 (MUX21X1)        0.000    0.042      2.199 f
  core/fe/mem/icache/write_mux_butterfly/mux_stage_2__mux_swap_0__swap_inst/U463/Q (MUX21X1)                   0.064      2.263 f
  core/fe/mem/icache/write_mux_butterfly/mux_stage_2__mux_swap_0__swap_inst/data_o[420] (net)   1 
  core/fe/mem/icache/data_mems_6__data_mem/icc_place73/INP (NBUFFX32)                                 0.000    0.477      2.740 f
  core/fe/mem/icache/data_mems_6__data_mem/icc_place73/Z (NBUFFX32)                                            0.123      2.863 f
  core/fe/mem/icache/data_mems_6__data_mem/n351 (net)                                           1 
  core/fe/mem/icache/data_mems_6__data_mem/macro_mem/I1[36] (saed90_64x512_1P_BM)                     0.000    0.201      3.064 f
  data arrival time                                                                                                       3.064

  clock core_clk (rise edge)                                                                                   0.000      0.000
  clock network delay (propagated)                                                                           195.181    195.181
  clock reconvergence pessimism                                                                                0.000    195.181
  core/fe/mem/icache/data_mems_6__data_mem/macro_mem/CE1 (saed90_64x512_1P_BM)                                          195.181 r
  library hold time                                                                                            0.050    195.231
  data required time                                                                                                    195.231
  --------------------------------------------------------------------------------------------------------------------------------
  data required time                                                                                                    195.231
  data arrival time                                                                                                      -3.064
  --------------------------------------------------------------------------------------------------------------------------------
  slack (VIOLATED)                                                                                                     -192.167

Report timing status: (total endpoints 15446)...10% done.
Report timing status: (total endpoints 15446)...20% done.
Report timing status: (total endpoints 15446)...30% done.
Report timing status: (total endpoints 15446)...40% done.
Report timing status: (total endpoints 15446)...50% done.
Report timing status: (total endpoints 15446)...60% done.
Report timing status: (total endpoints 15446)...70% done.
Report timing status: (total endpoints 15446)...80% done.
Report timing status: (total endpoints 15446)...90% done.
Warning: report_timing has satisfied the max_paths criteria. There are 15445 further endpoints which have paths of interest with slack less than 1000000.000 that were not considered when generating this report. (UITE-502)

Report timing status: Completed...
1
