bs
==========
[CORE0 FSH] PASS
All cores finished! Terminating...
$finish called from file "/home/reyc2/final_project/black-parrot/bp_top/test/common/bp_nonsynth_host.v", line 138.
$finish at simulation time             13270000
           V C S   S i m u l a t i o n   R e p o r t 
Time: 13270000 ps
CPU Time:      7.210 seconds;       Data structure size:  36.0Mb
Wed Mar 18 20:09:00 2020

fibcall
==========
[CORE0 FSH] PASS
All cores finished! Terminating...
$finish called from file "/home/reyc2/final_project/black-parrot/bp_top/test/common/bp_nonsynth_host.v", line 138.
$finish at simulation time             29070000
           V C S   S i m u l a t i o n   R e p o r t 
Time: 29070000 ps
CPU Time:     15.100 seconds;       Data structure size:  36.0Mb
Wed Mar 18 20:09:40 2020

median
==========
[CORE0 FSH] PASS
All cores finished! Terminating...
$finish called from file "/home/reyc2/final_project/black-parrot/bp_top/test/common/bp_nonsynth_host.v", line 138.
$finish at simulation time            229440000
           V C S   S i m u l a t i o n   R e p o r t 
Time: 229440000 ps
CPU Time:    135.020 seconds;       Data structure size:  36.0Mb
Wed Mar 18 20:13:24 2020

rv64ui-p-blt
==========
[CORE0 FSH] PASS
All cores finished! Terminating...
$finish called from file "/home/reyc2/final_project/black-parrot/bp_top/test/common/bp_nonsynth_host.v", line 138.
$finish at simulation time              9900000
           V C S   S i m u l a t i o n   R e p o r t 
Time: 9900000 ps
CPU Time:      6.840 seconds;       Data structure size:  36.0Mb
Wed Mar 18 20:13:34 2020

rv64ui-p-bge
==========
[CORE0 FSH] PASS
All cores finished! Terminating...
$finish called from file "/home/reyc2/final_project/black-parrot/bp_top/test/common/bp_nonsynth_host.v", line 138.
$finish at simulation time             10690000
           V C S   S i m u l a t i o n   R e p o r t 
Time: 10690000 ps
CPU Time:      6.570 seconds;       Data structure size:  36.0Mb
Wed Mar 18 20:13:50 2020

rv64ui-p-bgeu
==========
[CORE0 FSH] PASS
All cores finished! Terminating...
$finish called from file "/home/reyc2/final_project/black-parrot/bp_top/test/common/bp_nonsynth_host.v", line 138.
$finish at simulation time             12410000
           V C S   S i m u l a t i o n   R e p o r t 
Time: 12410000 ps
CPU Time:      6.240 seconds;       Data structure size:  36.0Mb
Wed Mar 18 20:13:58 2020

rv64ui-p-bltu
==========
[CORE0 FSH] PASS
All cores finished! Terminating...
$finish called from file "/home/reyc2/final_project/black-parrot/bp_top/test/common/bp_nonsynth_host.v", line 138.
$finish at simulation time             11740000
           V C S   S i m u l a t i o n   R e p o r t 
Time: 11740000 ps
CPU Time:      6.030 seconds;       Data structure size:  36.0Mb
Wed Mar 18 20:14:07 2020

rv64ui-p-bne
==========
[CORE0 FSH] PASS
All cores finished! Terminating...
$finish called from file "/home/reyc2/final_project/black-parrot/bp_top/test/common/bp_nonsynth_host.v", line 138.
$finish at simulation time             10010000
           V C S   S i m u l a t i o n   R e p o r t 
Time: 10010000 ps
CPU Time:      4.740 seconds;       Data structure size:  36.0Mb
Wed Mar 18 20:14:18 2020

rv64ui-p-beq
==========
[CORE0 FSH] PASS
All cores finished! Terminating...
$finish called from file "/home/reyc2/final_project/black-parrot/bp_top/test/common/bp_nonsynth_host.v", line 138.
$finish at simulation time              9900000
           V C S   S i m u l a t i o n   R e p o r t 
Time: 9900000 ps
CPU Time:      4.900 seconds;       Data structure size:  36.0Mb
Wed Mar 18 20:14:26 2020

towers
==========
[CORE0 FSH] PASS
All cores finished! Terminating...
$finish called from file "/home/reyc2/final_project/black-parrot/bp_top/test/common/bp_nonsynth_host.v", line 138.
$finish at simulation time            166430000
           V C S   S i m u l a t i o n   R e p o r t 
Time: 166430000 ps
CPU Time:    108.910 seconds;       Data structure size:  36.0Mb
Wed Mar 18 20:16:48 2020

vvadd
==========
[CORE0 FSH] PASS
All cores finished! Terminating...
$finish called from file "/home/reyc2/final_project/black-parrot/bp_top/test/common/bp_nonsynth_host.v", line 138.
$finish at simulation time            103570000
           V C S   S i m u l a t i o n   R e p o r t 
Time: 103570000 ps
CPU Time:     59.850 seconds;       Data structure size:  36.0Mb
Wed Mar 18 20:17:57 2020

